[INFO] Scanning for projects...
Downloading from internal.mirror: https://repo.latitc.corp-apps.com/repository/public-maven/org/springframework/boot/spring-boot-starter-parent/3.1.5/spring-boot-starter-parent-3.1.5.pom
[ERROR] [ERROR] Some problems were encountered while processing the POMs:
[FATAL] Non-resolvable parent POM for org.elavationlab:wallet-manager:1.0-SNAPSHOT: The following artifacts could not be resolved: org.springframework.boot:spring-boot-starter-parent:pom:3.1.5 (absent): Could not transfer artifact org.springframework.boot:spring-boot-starter-parent:pom:3.1.5 from/to internal.mirror (https://repo.latitc.corp-apps.com/repository/public-maven): repo.latitc.corp-apps.com: nodename nor servname provided, or not known and 'parent.relativePath' points at no local POM @ line 7, column 13
 @ 
[ERROR] The build could not read 1 project -> [Help 1]
[ERROR]   
[ERROR]   The project org.elavationlab:wallet-manager:1.0-SNAPSHOT (/Users/vmoroz/IdeaProjects/hackathon-ai/pom.xml) has 1 error
[ERROR]     Non-resolvable parent POM for org.elavationlab:wallet-manager:1.0-SNAPSHOT: The following artifacts could not be resolved: org.springframework.boot:spring-boot-starter-parent:pom:3.1.5 (absent): Could not transfer artifact org.springframework.boot:spring-boot-starter-parent:pom:3.1.5 from/to internal.mirror (https://repo.latitc.corp-apps.com/repository/public-maven): repo.latitc.corp-apps.com: nodename nor servname provided, or not known and 'parent.relativePath' points at no local POM @ line 7, column 13: Unknown host repo.latitc.corp-apps.com: nodename nor servname provided, or not known -> [Help 2]
[ERROR] 
[ERROR] To see the full stack trace of the errors, re-run Maven with the -e switch.
[ERROR] Re-run Maven using the -X switch to enable full debug logging.
[ERROR] 
[ERROR] For more information about the errors and possible solutions, please read the following articles:
[ERROR] [Help 1] http://cwiki.apache.org/confluence/display/MAVEN/ProjectBuildingException
[ERROR] [Help 2] http://cwiki.apache.org/confluence/display/MAVEN/UnresolvableModelException
